Archive member included to satisfy reference by file (symbol)

c:/efinity/efinity-riscv-ide-2024.2/toolchain/bin/../lib/gcc/riscv-none-embed/8.3.0/../../../../riscv-none-embed/lib/rv32im/ilp32\libc.a(lib_a-init.o)
                              build/obj_files/start.o (__libc_init_array)

Discarded input sections

 .group         0x0000000000000000        0xc build/obj_files/main.o
 .group         0x0000000000000000        0xc build/obj_files/main.o
 .group         0x0000000000000000        0xc build/obj_files/main.o
 .group         0x0000000000000000        0xc build/obj_files/main.o
 .group         0x0000000000000000        0xc build/obj_files/main.o
 .group         0x0000000000000000        0xc build/obj_files/main.o
 .group         0x0000000000000000        0xc build/obj_files/main.o
 .group         0x0000000000000000        0xc build/obj_files/main.o
 .group         0x0000000000000000        0xc build/obj_files/main.o
 .group         0x0000000000000000        0xc build/obj_files/main.o
 .group         0x0000000000000000        0xc build/obj_files/main.o
 .group         0x0000000000000000        0xc build/obj_files/main.o
 .group         0x0000000000000000        0xc build/obj_files/main.o
 .group         0x0000000000000000        0xc build/obj_files/main.o
 .group         0x0000000000000000        0xc build/obj_files/main.o
 .group         0x0000000000000000        0xc build/obj_files/main.o
 .group         0x0000000000000000        0xc build/obj_files/main.o
 .group         0x0000000000000000        0xc build/obj_files/main.o
 .group         0x0000000000000000        0xc build/obj_files/main.o
 .group         0x0000000000000000        0xc build/obj_files/main.o
 .group         0x0000000000000000        0xc build/obj_files/main.o
 .group         0x0000000000000000        0xc build/obj_files/main.o
 .group         0x0000000000000000        0xc build/obj_files/main.o
 .group         0x0000000000000000        0xc build/obj_files/main.o
 .group         0x0000000000000000        0xc build/obj_files/main.o
 .group         0x0000000000000000        0xc build/obj_files/main.o
 .group         0x0000000000000000        0xc build/obj_files/main.o
 .group         0x0000000000000000        0xc build/obj_files/main.o
 .group         0x0000000000000000        0xc build/obj_files/main.o
 .group         0x0000000000000000        0xc build/obj_files/main.o
 .group         0x0000000000000000        0xc build/obj_files/main.o
 .group         0x0000000000000000        0xc build/obj_files/main.o
 .group         0x0000000000000000        0xc build/obj_files/main.o
 .group         0x0000000000000000        0xc build/obj_files/main.o
 .group         0x0000000000000000        0xc build/obj_files/main.o

Memory Configuration

Name             Origin             Length             Attributes
ram              0x00000000f9000000 0x0000000000010000 axwl !r
*default*        0x0000000000000000 0xffffffffffffffff

Linker script and memory map

LOAD build/obj_files/main.o
LOAD build/obj_files/start.o
LOAD c:/efinity/efinity-riscv-ide-2024.2/toolchain/bin/../lib/gcc/riscv-none-embed/8.3.0/../../../../riscv-none-embed/lib/rv32im/ilp32\libc.a
LOAD c:/efinity/efinity-riscv-ide-2024.2/toolchain/bin/../lib/gcc/riscv-none-embed/8.3.0/rv32im/ilp32\libgcc.a
                0x0000000000002000                __stack_size = DEFINED (__stack_size)?__stack_size:0x2000

.init           0x00000000f9000000       0x64
 *(SORT_NONE(.init))
 .init          0x00000000f9000000       0x64 build/obj_files/start.o
                0x00000000f9000000                _start
                0x00000000f9000060                _init

.text           0x00000000f9000064      0x4d4
 *(.text.Proc_1)
 *(.text.Proc_2)
 *(.text.Proc_3)
 *(.text.Proc_4)
 *(.text.Proc_5)
 *(.text.Proc_6)
 *(.text.Proc_7)
 *(.text.Proc_8)
 *(.text.Func_1)
 *(.text.Func_2)
 *(.text.Func_3)
 *(.text.strcpy)
 *libc.a:*(.text .text.*)
 .text          0x00000000f9000064        0x0 c:/efinity/efinity-riscv-ide-2024.2/toolchain/bin/../lib/gcc/riscv-none-embed/8.3.0/../../../../riscv-none-embed/lib/rv32im/ilp32\libc.a(lib_a-init.o)
 .text.__libc_init_array
                0x00000000f9000064       0x94 c:/efinity/efinity-riscv-ide-2024.2/toolchain/bin/../lib/gcc/riscv-none-embed/8.3.0/../../../../riscv-none-embed/lib/rv32im/ilp32\libc.a(lib_a-init.o)
                0x00000000f9000064                __libc_init_array
 *(.text.main)
 *(.text.unlikely .text.unlikely.*)
 *(.text.startup .text.startup.*)
 *(.text .text.*)
 .text          0x00000000f90000f8      0x440 build/obj_files/main.o
                0x00000000f90004ec                main
 .text          0x00000000f9000538        0x0 build/obj_files/start.o
 *(.gnu.linkonce.t.*)
 *(.note.gnu.build-id)

.rela.dyn       0x00000000f9000538        0x0
 .rela.init     0x00000000f9000538        0x0 build/obj_files/main.o
 .rela.text.__libc_init_array
                0x00000000f9000538        0x0 build/obj_files/main.o

.fini
 *(SORT_NONE(.fini))
                [!provide]                        PROVIDE (__etext = .)
                [!provide]                        PROVIDE (_etext = .)
                [!provide]                        PROVIDE (etext = .)
                0x00000000f9000538                . = ALIGN (0x4)

.preinit_array  0x00000000f9000538        0x0
                0x00000000f9000538                PROVIDE (__preinit_array_start = .)
 *(.preinit_array)
                0x00000000f9000538                PROVIDE (__preinit_array_end = .)

.init_array     0x00000000f9000538        0x0
                0x00000000f9000538                PROVIDE (__init_array_start = .)
 *(SORT_BY_INIT_PRIORITY(.init_array.*) SORT_BY_INIT_PRIORITY(.ctors.*))
 *(.init_array EXCLUDE_FILE(*crtend?.o *crtend.o *crtbegin?.o *crtbegin.o) .ctors)
                0x00000000f9000538                PROVIDE (__init_array_end = .)

.fini_array     0x00000000f9000538        0x0
                [!provide]                        PROVIDE (__fini_array_start = .)
 *(SORT_BY_INIT_PRIORITY(.fini_array.*) SORT_BY_INIT_PRIORITY(.dtors.*))
 *(.fini_array EXCLUDE_FILE(*crtend?.o *crtend.o *crtbegin?.o *crtbegin.o) .dtors)
                [!provide]                        PROVIDE (__fini_array_end = .)

.ctors
 *crtbegin.o(.ctors)
 *crtbegin?.o(.ctors)
 *(EXCLUDE_FILE(*crtend?.o *crtend.o) .ctors)
 *(SORT_BY_NAME(.ctors.*))
 *(.ctors)

.dtors
 *crtbegin.o(.dtors)
 *crtbegin?.o(.dtors)
 *(EXCLUDE_FILE(*crtend?.o *crtend.o) .dtors)
 *(SORT_BY_NAME(.dtors.*))
 *(.dtors)

.lalign         0x00000000f9000538        0x0
                0x00000000f9000538                PROVIDE (_data_lma = .)

.dalign         0x00000000f9000538        0x0
                0x00000000f9000538                PROVIDE (_data = .)

.data           0x00000000f9000538       0xe2
 *(.rdata)
 *(.rodata .rodata.*)
 .rodata.str1.4
                0x00000000f9000538       0xd4 build/obj_files/main.o
                                         0xd2 (size before relaxing)
 *(.gnu.linkonce.r.*)
 *(.data .data.*)
 .data          0x00000000f900060c        0x0 build/obj_files/main.o
 .data          0x00000000f900060c        0x0 build/obj_files/start.o
 .data          0x00000000f900060c        0x0 c:/efinity/efinity-riscv-ide-2024.2/toolchain/bin/../lib/gcc/riscv-none-embed/8.3.0/../../../../riscv-none-embed/lib/rv32im/ilp32\libc.a(lib_a-init.o)
 *(.gnu.linkonce.d.*)
                0x00000000f9000610                . = ALIGN (0x8)
 *fill*         0x00000000f900060c        0x4 
                0x00000000f9000e00                PROVIDE (__global_pointer$ = (. + 0x7f0))
 *(.sdata .sdata.*)
 *(.gnu.linkonce.s.*)
                0x00000000f9000610                . = ALIGN (0x8)
 *(.srodata.cst16)
 *(.srodata.cst8)
 *(.srodata.cst4)
 *(.srodata.cst2)
 *(.srodata .srodata.*)
                0x00000000f900061a                . = (. + 0xa)
 *fill*         0x00000000f9000610        0xa 
                0x00000000f900061c                . = ALIGN (0x4)
                0x00000000f900061c                PROVIDE (_edata = .)
                [!provide]                        PROVIDE (edata = .)
                [!provide]                        PROVIDE (_fbss = .)
                0x00000000f900061c                PROVIDE (__bss_start = .)

.bss            0x00000000f900061a        0x2
 *(.sbss*)
 *(.gnu.linkonce.sb.*)
 *(.bss .bss.*)
 .bss           0x00000000f900061a        0x0 build/obj_files/main.o
 .bss           0x00000000f900061a        0x0 build/obj_files/start.o
 .bss           0x00000000f900061a        0x0 c:/efinity/efinity-riscv-ide-2024.2/toolchain/bin/../lib/gcc/riscv-none-embed/8.3.0/../../../../riscv-none-embed/lib/rv32im/ilp32\libc.a(lib_a-init.o)
 *(.gnu.linkonce.b.*)
 *(COMMON)
                0x00000000f900061c                . = ALIGN (0x4)
 *fill*         0x00000000f900061a        0x2 
                0x00000000f9000620                . = ALIGN (0x8)
                0x00000000f9000620                PROVIDE (_end = .)
                [!provide]                        PROVIDE (end = .)

.stack          0x00000000f9000620     0x2000
                [!provide]                        PROVIDE (_heap_end = .)
                0x0000000000002000                . = __stack_size
 *fill*         0x00000000f9000620     0x2000 
                0x00000000f9002620                PROVIDE (_sp = .)
                0x00000000f9002620                __freertos_irq_stack_top = .
LOAD c:/efinity/efinity-riscv-ide-2024.2/toolchain/bin/../lib/gcc/riscv-none-embed/8.3.0/../../../../riscv-none-embed/lib/rv32im/ilp32\libm.a
LOAD c:/efinity/efinity-riscv-ide-2024.2/toolchain/bin/../lib/gcc/riscv-none-embed/8.3.0/rv32im/ilp32\libgcc.a
START GROUP
LOAD c:/efinity/efinity-riscv-ide-2024.2/toolchain/bin/../lib/gcc/riscv-none-embed/8.3.0/rv32im/ilp32\libgcc.a
LOAD c:/efinity/efinity-riscv-ide-2024.2/toolchain/bin/../lib/gcc/riscv-none-embed/8.3.0/../../../../riscv-none-embed/lib/rv32im/ilp32\libg.a
LOAD c:/efinity/efinity-riscv-ide-2024.2/toolchain/bin/../lib/gcc/riscv-none-embed/8.3.0/../../../../riscv-none-embed/lib/rv32im/ilp32\libc.a
END GROUP
LOAD c:/efinity/efinity-riscv-ide-2024.2/toolchain/bin/../lib/gcc/riscv-none-embed/8.3.0/rv32im/ilp32\libgcc.a
START GROUP
LOAD c:/efinity/efinity-riscv-ide-2024.2/toolchain/bin/../lib/gcc/riscv-none-embed/8.3.0/rv32im/ilp32\libgcc.a
LOAD c:/efinity/efinity-riscv-ide-2024.2/toolchain/bin/../lib/gcc/riscv-none-embed/8.3.0/../../../../riscv-none-embed/lib/rv32im/ilp32\libc.a
LOAD c:/efinity/efinity-riscv-ide-2024.2/toolchain/bin/../lib/gcc/riscv-none-embed/8.3.0/../../../../riscv-none-embed/lib/rv32im/ilp32\libnosys.a
END GROUP
OUTPUT(build/uartEchoDemo.elf elf32-littleriscv)

.debug_info     0x0000000000000000      0xf2c
 .debug_info    0x0000000000000000      0xf06 build/obj_files/main.o
 .debug_info    0x0000000000000f06       0x26 build/obj_files/start.o

.debug_abbrev   0x0000000000000000      0x3be
 .debug_abbrev  0x0000000000000000      0x3aa build/obj_files/main.o
 .debug_abbrev  0x00000000000003aa       0x14 build/obj_files/start.o

.debug_loc      0x0000000000000000      0x367
 .debug_loc     0x0000000000000000      0x367 build/obj_files/main.o

.debug_aranges  0x0000000000000000       0x40
 .debug_aranges
                0x0000000000000000       0x20 build/obj_files/main.o
 .debug_aranges
                0x0000000000000020       0x20 build/obj_files/start.o

.debug_macro    0x0000000000000000     0x1d2b
 .debug_macro   0x0000000000000000      0x1c9 build/obj_files/main.o
 .debug_macro   0x00000000000001c9      0x760 build/obj_files/main.o
 .debug_macro   0x0000000000000929       0x22 build/obj_files/main.o
 .debug_macro   0x000000000000094b       0x8e build/obj_files/main.o
 .debug_macro   0x00000000000009d9       0x51 build/obj_files/main.o
 .debug_macro   0x0000000000000a2a      0x103 build/obj_files/main.o
 .debug_macro   0x0000000000000b2d       0x6a build/obj_files/main.o
 .debug_macro   0x0000000000000b97      0x1df build/obj_files/main.o
 .debug_macro   0x0000000000000d76      0x16c build/obj_files/main.o
 .debug_macro   0x0000000000000ee2       0xc4 build/obj_files/main.o
 .debug_macro   0x0000000000000fa6       0x12 build/obj_files/main.o
 .debug_macro   0x0000000000000fb8       0x1c build/obj_files/main.o
 .debug_macro   0x0000000000000fd4       0x16 build/obj_files/main.o
 .debug_macro   0x0000000000000fea      0x1bc build/obj_files/main.o
 .debug_macro   0x00000000000011a6       0x16 build/obj_files/main.o
 .debug_macro   0x00000000000011bc       0xb6 build/obj_files/main.o
 .debug_macro   0x0000000000001272       0x58 build/obj_files/main.o
 .debug_macro   0x00000000000012ca       0x19 build/obj_files/main.o
 .debug_macro   0x00000000000012e3       0x52 build/obj_files/main.o
 .debug_macro   0x0000000000001335       0x34 build/obj_files/main.o
 .debug_macro   0x0000000000001369       0x34 build/obj_files/main.o
 .debug_macro   0x000000000000139d       0x16 build/obj_files/main.o
 .debug_macro   0x00000000000013b3      0x10e build/obj_files/main.o
 .debug_macro   0x00000000000014c1       0x8d build/obj_files/main.o
 .debug_macro   0x000000000000154e       0x16 build/obj_files/main.o
 .debug_macro   0x0000000000001564       0x43 build/obj_files/main.o
 .debug_macro   0x00000000000015a7       0x34 build/obj_files/main.o
 .debug_macro   0x00000000000015db       0x10 build/obj_files/main.o
 .debug_macro   0x00000000000015eb       0x52 build/obj_files/main.o
 .debug_macro   0x000000000000163d      0x182 build/obj_files/main.o
 .debug_macro   0x00000000000017bf      0x339 build/obj_files/main.o
 .debug_macro   0x0000000000001af8       0x16 build/obj_files/main.o
 .debug_macro   0x0000000000001b0e       0x29 build/obj_files/main.o
 .debug_macro   0x0000000000001b37      0x1a9 build/obj_files/main.o
 .debug_macro   0x0000000000001ce0       0x16 build/obj_files/main.o
 .debug_macro   0x0000000000001cf6       0x35 build/obj_files/main.o

.debug_line     0x0000000000000000      0xa2a
 .debug_line    0x0000000000000000      0x970 build/obj_files/main.o
 .debug_line    0x0000000000000970       0xba build/obj_files/start.o

.debug_str      0x0000000000000000     0x8665
 .debug_str     0x0000000000000000     0x8647 build/obj_files/main.o
                                       0x8907 (size before relaxing)
 .debug_str     0x0000000000008647       0x1e build/obj_files/start.o
                                         0x95 (size before relaxing)

.comment        0x0000000000000000       0x33
 .comment       0x0000000000000000       0x33 build/obj_files/main.o
                                         0x34 (size before relaxing)

.debug_frame    0x0000000000000000      0x208
 .debug_frame   0x0000000000000000      0x1cc build/obj_files/main.o
 .debug_frame   0x00000000000001cc       0x3c c:/efinity/efinity-riscv-ide-2024.2/toolchain/bin/../lib/gcc/riscv-none-embed/8.3.0/../../../../riscv-none-embed/lib/rv32im/ilp32\libc.a(lib_a-init.o)
