
Efinity Interface Designer Timing Report
Version: 2024.2.294.1.19
Date: 2024-06-21 16:44

Copyright (C) 2013 - 2024 Efinix Inc. All rights reserved.

Device: Ti60F225
Project: LED_8bit_Test
Timing Model: C4 (final)

---------- 1. PLL Timing Report (begin) ----------

+--------------+----------+-----------------+--------------------------+---------+-------------------+---------------------------------+---------------------------------+
| PLL Instance | Resource | Reference Clock | Core Clock Reference Pin | FB Mode | Core Feedback Pin | PLL Compensation Delay Max (ns) | PLL Compensation Delay Min (ns) |
+--------------+----------+-----------------+--------------------------+---------+-------------------+---------------------------------+---------------------------------+
|  pll_inst1   | PLL_TL0  |     external    |                          |  local  |                   |              0.000              |              0.000              |
+--------------+----------+-----------------+--------------------------+---------+-------------------+---------------------------------+---------------------------------+

+--------------------+-------------+----------------------------+-----------------------+----------+
|       Clock        | Period (ns) | Enable Dynamic Phase Shift | Phase Shift (degrees) | Inverted |
+--------------------+-------------+----------------------------+-----------------------+----------+
| pll_inst1_CLKOUT0  |    10.417   |           False            |          0.0          |  false   |
| clk_pixel_parallel |    40.064   |           False            |          0.0          |  false   |
|  clk_pixel_serial  |    4.006    |           False            |          90.0         |  false   |
+--------------------+-------------+----------------------------+-----------------------+----------+

---------- PLL Timing Report (end) ----------

---------- 2. GPIO Timing Report (begin) ----------

Non-registered GPIO Configuration:
===================================

+---------------+-------------+-----------+----------+----------+
| Instance Name |   Pin Name  | Parameter | Max (ns) | Min (ns) |
+---------------+-------------+-----------+----------+----------+
|      clk      |     clk     |  GPIO_IN  |  1.907   |  1.271   |
|  led_data[0]  | led_data[0] |  GPIO_OUT |  5.740   |  2.493   |
|  led_data[1]  | led_data[1] |  GPIO_OUT |  5.740   |  2.493   |
|  led_data[2]  | led_data[2] |  GPIO_OUT |  5.740   |  2.493   |
|  led_data[3]  | led_data[3] |  GPIO_OUT |  5.740   |  2.493   |
|  led_data[4]  | led_data[4] |  GPIO_OUT |  5.740   |  2.493   |
|  led_data[5]  | led_data[5] |  GPIO_OUT |  5.740   |  2.493   |
|  led_data[6]  | led_data[6] |  GPIO_OUT |  5.740   |  2.493   |
|  led_data[7]  | led_data[7] |  GPIO_OUT |  5.740   |  2.493   |
+---------------+-------------+-----------+----------+----------+

---------- GPIO Timing Report (end) ----------

---------- 3. JTAG Timing Report (begin) ----------

+---------------+----------------+-----------+----------+----------+
| Instance Name |    Pin Name    | Parameter | Max (ns) | Min (ns) |
+---------------+----------------+-----------+----------+----------+
|   jtag_inst2  | jtag_inst2_TDI |  JTAG_IN  |  2.454   |  1.505   |
|   jtag_inst2  | jtag_inst2_TMS |  JTAG_IN  |  1.773   |  0.990   |
+---------------+----------------+-----------+----------+----------+

---------- JTAG Timing Report (end) ----------

---------- 4.1 HSIO GPIO Timing Report (begin) ----------

Non-registered HSIO GPIO Configuration:
========================================

+---------------+----------+-----------+----------+----------+
| Instance Name | Pin Name | Parameter | Max (ns) | Min (ns) |
+---------------+----------+-----------+----------+----------+
|    uart_rx    | uart_rx  |  GPIO_IN  |  0.828   |  0.552   |
|    uart_tx    | uart_tx  |  GPIO_OUT |  2.205   |  1.470   |
+---------------+----------+-----------+----------+----------+

---------- HSIO GPIO Timing Report (end) ----------

---------- 4.2.1 LVDS Tx Timing Report (begin) ----------

---------- LVDS Tx Timing Report (end) ----------

---------- 5. Clock Network Delay Report (begin) ----------

+--------------------+----------+----------+
|     Clock Pin      | Max (ns) | Min (ns) |
+--------------------+----------+----------+
| clk_pixel_parallel |  1.820   |  1.178   |
|  clk_pixel_serial  |  1.805   |  1.168   |
+--------------------+----------+----------+

---------- Clock Network Delay Report (end) ----------
