
Efinity Interface Designer Timing Report
Version: 2024.2.294.1.19
Date: 2024-06-21 16:33

Copyright (C) 2013 - 2024 Efinix Inc. All rights reserved.

Device: Ti60F225
Project: Ti60_HDMI_CharDsiplay720P
Timing Model: C4 (final)

---------- 1. PLL Timing Report (begin) ----------

+--------------+----------+-----------------+--------------------------+---------+-------------------+---------------------------------+---------------------------------+
| PLL Instance | Resource | Reference Clock | Core Clock Reference Pin | FB Mode | Core Feedback Pin | PLL Compensation Delay Max (ns) | PLL Compensation Delay Min (ns) |
+--------------+----------+-----------------+--------------------------+---------+-------------------+---------------------------------+---------------------------------+
|   pll_27m    | PLL_TL0  |     external    |                          |  local  |                   |              0.000              |              0.000              |
|   sys_pll    | PLL_TR0  |       core      |  clk27m~CLKOUT~200~322   |  local  |                   |              0.000              |              0.000              |
+--------------+----------+-----------------+--------------------------+---------+-------------------+---------------------------------+---------------------------------+

+-------------------+-------------+----------------------------+-----------------------+----------+
|       Clock       | Period (ns) | Enable Dynamic Phase Shift | Phase Shift (degrees) | Inverted |
+-------------------+-------------+----------------------------+-----------------------+----------+
| pll_inst2_CLKOUT0 |    41.667   |           False            |          0.0          |  false   |
|       clk27m      |    37.037   |           False            |          0.0          |  false   |
|      clk_adc      |    25.000   |           False            |          0.0          |  false   |
|      clk_ref      |    37.037   |           False            |          0.0          |  false   |
|     clk_pixel     |    13.468   |           False            |          0.0          |  false   |
|    clk_pixel_5x   |    2.694    |           False            |          90.0         |  false   |
+-------------------+-------------+----------------------------+-----------------------+----------+

---------- PLL Timing Report (end) ----------

---------- 2. GPIO Timing Report (begin) ----------

Non-registered GPIO Configuration:
===================================

+---------------+----------+-----------+----------+----------+
| Instance Name | Pin Name | Parameter | Max (ns) | Min (ns) |
+---------------+----------+-----------+----------+----------+
|    clk_24M    | clk_24M  |  GPIO_IN  |  1.907   |  1.271   |
|    led_o[0]   | led_o[0] |  GPIO_OUT |  5.740   |  2.493   |
|    led_o[1]   | led_o[1] |  GPIO_OUT |  5.740   |  2.493   |
|    led_o[2]   | led_o[2] |  GPIO_OUT |  5.740   |  2.493   |
|    led_o[3]   | led_o[3] |  GPIO_OUT |  5.740   |  2.493   |
|    led_o[4]   | led_o[4] |  GPIO_OUT |  5.740   |  2.493   |
|    led_o[5]   | led_o[5] |  GPIO_OUT |  5.740   |  2.493   |
+---------------+----------+-----------+----------+----------+

---------- GPIO Timing Report (end) ----------

---------- 3.1 HSIO GPIO Timing Report (begin) ----------

Clkout GPIO Configuration:
===========================

+---------------+-----------+--------------+----------+----------+----------------------+
| Instance Name | Clock Pin |  Parameter   | Max (ns) | Min (ns) |  Reference Pin Name  |
+---------------+-----------+--------------+----------+----------+----------------------+
|  ADC_CLK_EXT  |  clk_adc  | GPIO_CLK_OUT |  2.205   |  1.470   | clk_adc~CLKOUT~1~195 |
|  ADC_CLK_EXT2 |  clk_adc  | GPIO_CLK_OUT |  2.205   |  1.470   | clk_adc~CLKOUT~1~47  |
+---------------+-----------+--------------+----------+----------+----------------------+

Non-registered HSIO GPIO Configuration:
========================================

+---------------+------------+-----------+----------+----------+
| Instance Name |  Pin Name  | Parameter | Max (ns) | Min (ns) |
+---------------+------------+-----------+----------+----------+
|     DAM[0]    |   DAM[0]   |  GPIO_IN  |  0.828   |  0.552   |
|     DAM[1]    |   DAM[1]   |  GPIO_IN  |  0.828   |  0.552   |
|     DAM[2]    |   DAM[2]   |  GPIO_IN  |  0.828   |  0.552   |
|     DAM[3]    |   DAM[3]   |  GPIO_IN  |  0.828   |  0.552   |
|     DAM[4]    |   DAM[4]   |  GPIO_IN  |  0.828   |  0.552   |
|     DAM[5]    |   DAM[5]   |  GPIO_IN  |  0.828   |  0.552   |
|     DAM[6]    |   DAM[6]   |  GPIO_IN  |  0.828   |  0.552   |
|     DAM[7]    |   DAM[7]   |  GPIO_IN  |  0.828   |  0.552   |
|     DBN[0]    |   DBN[0]   |  GPIO_IN  |  0.828   |  0.552   |
|     DBN[1]    |   DBN[1]   |  GPIO_IN  |  0.828   |  0.552   |
|     DBN[2]    |   DBN[2]   |  GPIO_IN  |  0.828   |  0.552   |
|     DBN[3]    |   DBN[3]   |  GPIO_IN  |  0.828   |  0.552   |
|     DBN[4]    |   DBN[4]   |  GPIO_IN  |  0.828   |  0.552   |
|     DBN[5]    |   DBN[5]   |  GPIO_IN  |  0.828   |  0.552   |
|     DBN[6]    |   DBN[6]   |  GPIO_IN  |  0.828   |  0.552   |
|     DBN[7]    |   DBN[7]   |  GPIO_IN  |  0.828   |  0.552   |
|   key_change  | key_change |  GPIO_IN  |  0.828   |  0.552   |
+---------------+------------+-----------+----------+----------+

---------- HSIO GPIO Timing Report (end) ----------

---------- 3.2.1 LVDS Tx Timing Report (begin) ----------

---------- LVDS Tx Timing Report (end) ----------

---------- 4. Clock Network Delay Report (begin) ----------

+--------------+----------+----------+
|  Clock Pin   | Max (ns) | Min (ns) |
+--------------+----------+----------+
|    clk27m    |  1.820   |  1.178   |
|   clk_adc    |  1.858   |  1.203   |
|  clk_pixel   |  1.856   |  1.201   |
| clk_pixel_5x |  1.775   |  1.148   |
+--------------+----------+----------+

---------- Clock Network Delay Report (end) ----------
