
Efinix FPGA Placement and Routing.
Version: 2024.2.294.1.19 
Date: Fri Jun 21 16:33:56 2024

Copyright (C) 2013 - 2024 Efinix, Inc. All rights reserved.
 
Family: Titanium 
Device: Ti60F225
Top-level Entity Name: Ti60_HDMI_CharDsiplay720P
Elapsed time for packing: 0 hours 0 minutes 0 seconds

---------- Resource Summary (begin) ----------
Inputs: 22 / 1703 (1.29%)
Outputs: 68 / 2267 (3.00%)
Global Clocks (GBUF): 4 / 32 (12.50%)
Regional Clocks (RBUF): 0 / 32 (0.00%)
	RBUF: Core: 0 / 16 (0.00%)
	RBUF: Periphery: 0 / 8 (0.00%)
	RBUF: Multi-Region: 0 / 8 (0.00%)
XLRs: 5945 / 60800 (9.78%)
	XLRs needed for Logic: 4510 / 60800 (7.42%)
	XLRs needed for Logic + FF: 515 / 60800 (0.85%)
	XLRs needed for Adder: 357 / 60800 (0.59%)
	XLRs needed for Adder + FF: 76 / 60800 (0.12%)
	XLRs needed for FF: 230 / 60800 (0.38%)
	XLRs needed for SRL8: 4 / 14720 (0.03%)
	XLRs needed for SRL8+FF: 0 / 14720 (0.00%)
	XLRs needed for Routing: 253 / 60800 (0.42%)
Memory Blocks: 160 / 256 (62.50%)
DSP Blocks: 0 / 160 (0.00%)
---------- Resource Summary (end) ----------


---------- Simple Dual Port RAM Information (begin) ----------

+-------------------------------------------------------+------+------------+-------------+--------------+------------+
|                         NAME                          | MODE | READ_WIDTH | WRITE_WIDTH |  WRITE_MODE  | OUTPUT_REG |
+-------------------------------------------------------+------+------------+-------------+--------------+------------+
|    u_afifo_w20d16/u_efx_fifo_top/xefx_fifo_ram/ram    | SDP  |     20     |     20      | READ_UNKNOWN |   false    |
| u_afifo_w8d2048/u_efx_fifo_top/xefx_fifo_ram/ram__D$2 | SDP  |     4      |      4      | READ_UNKNOWN |   false    |
| u_afifo_w8d2048/u_efx_fifo_top/xefx_fifo_ram/ram__D$1 | SDP  |     4      |      4      | READ_UNKNOWN |   false    |
|               u_vga_ctrl/wave_temp__D$1               | SDP  |     4      |      4      |  READ_FIRST  |   false    |
|               u_vga_ctrl/wave_temp__D$2               | SDP  |     4      |      4      |  READ_FIRST  |   false    |
|              u_vga_number/mux_569__D$h12              | SDP  |     20     |     20      | READ_UNKNOWN |   false    |
|              u_vga_number/mux_569__D$j12              | SDP  |     20     |     20      | READ_UNKNOWN |   false    |
|              u_vga_number/mux_569__D$l12              | SDP  |     20     |     20      | READ_UNKNOWN |   false    |
|              u_vga_number/mux_569__D$n12              | SDP  |     20     |     20      | READ_UNKNOWN |   false    |
|              u_vga_number/mux_569__D$p12              | SDP  |     20     |     20      | READ_UNKNOWN |   false    |
|              u_vga_number/mux_569__D$r12              | SDP  |     20     |     20      | READ_UNKNOWN |   false    |
|              u_vga_number/mux_569__D$t12              | SDP  |     20     |     20      | READ_UNKNOWN |   false    |
|              u_vga_number/mux_569__D$v12              | SDP  |     20     |     20      | READ_UNKNOWN |   false    |
|              u_vga_number/mux_569__D$x12              | SDP  |     20     |     20      | READ_UNKNOWN |   false    |
|              u_vga_number/mux_569__D$z12              | SDP  |     20     |     20      | READ_UNKNOWN |   false    |
|              u_vga_number/mux_569__D$B12              | SDP  |     20     |     20      | READ_UNKNOWN |   false    |
|              u_vga_number/mux_569__D$D12              | SDP  |     20     |     20      | READ_UNKNOWN |   false    |
|              u_vga_number/mux_569__D$F12              | SDP  |     20     |     20      | READ_UNKNOWN |   false    |
|              u_vga_number/mux_569__D$H12              | SDP  |     20     |     20      | READ_UNKNOWN |   false    |
|              u_vga_number/mux_569__D$J12              | SDP  |     20     |     20      | READ_UNKNOWN |   false    |
|              u_vga_number/mux_569__D$g12              | SDP  |     20     |     20      | READ_UNKNOWN |   false    |
|              u_vga_number/mux_569__D$i12              | SDP  |     20     |     20      | READ_UNKNOWN |   false    |
|              u_vga_number/mux_569__D$k12              | SDP  |     20     |     20      | READ_UNKNOWN |   false    |
|              u_vga_number/mux_569__D$m12              | SDP  |     20     |     20      | READ_UNKNOWN |   false    |
|              u_vga_number/mux_569__D$o12              | SDP  |     20     |     20      | READ_UNKNOWN |   false    |
|              u_vga_number/mux_569__D$q12              | SDP  |     20     |     20      | READ_UNKNOWN |   false    |
|              u_vga_number/mux_569__D$s12              | SDP  |     20     |     20      | READ_UNKNOWN |   false    |
|              u_vga_number/mux_569__D$u12              | SDP  |     20     |     20      | READ_UNKNOWN |   false    |
|              u_vga_number/mux_569__D$w12              | SDP  |     20     |     20      | READ_UNKNOWN |   false    |
|              u_vga_number/mux_569__D$y12              | SDP  |     20     |     20      | READ_UNKNOWN |   false    |
|              u_vga_number/mux_569__D$A12              | SDP  |     20     |     20      | READ_UNKNOWN |   false    |
|              u_vga_number/mux_569__D$C12              | SDP  |     20     |     20      | READ_UNKNOWN |   false    |
|              u_vga_number/mux_569__D$E12              | SDP  |     20     |     20      | READ_UNKNOWN |   false    |
|              u_vga_number/mux_569__D$G12              | SDP  |     20     |     20      | READ_UNKNOWN |   false    |
|              u_vga_number/mux_569__D$I12              | SDP  |     20     |     20      | READ_UNKNOWN |   false    |
|              u_vga_number/mux_569__D$K12              | SDP  |     20     |     20      | READ_UNKNOWN |   false    |
|              u_vga_number/mux_573__D$h12              | SDP  |     20     |     20      | READ_UNKNOWN |   false    |
|              u_vga_number/mux_573__D$j12              | SDP  |     20     |     20      | READ_UNKNOWN |   false    |
|              u_vga_number/mux_573__D$l12              | SDP  |     20     |     20      | READ_UNKNOWN |   false    |
|              u_vga_number/mux_573__D$n12              | SDP  |     20     |     20      | READ_UNKNOWN |   false    |
|              u_vga_number/mux_573__D$p12              | SDP  |     20     |     20      | READ_UNKNOWN |   false    |
|              u_vga_number/mux_573__D$r12              | SDP  |     20     |     20      | READ_UNKNOWN |   false    |
|              u_vga_number/mux_573__D$t12              | SDP  |     20     |     20      | READ_UNKNOWN |   false    |
|              u_vga_number/mux_573__D$v12              | SDP  |     20     |     20      | READ_UNKNOWN |   false    |
|              u_vga_number/mux_573__D$x12              | SDP  |     20     |     20      | READ_UNKNOWN |   false    |
|              u_vga_number/mux_573__D$z12              | SDP  |     20     |     20      | READ_UNKNOWN |   false    |
|              u_vga_number/mux_573__D$B12              | SDP  |     20     |     20      | READ_UNKNOWN |   false    |
|              u_vga_number/mux_573__D$D12              | SDP  |     20     |     20      | READ_UNKNOWN |   false    |
|              u_vga_number/mux_573__D$F12              | SDP  |     20     |     20      | READ_UNKNOWN |   false    |
|              u_vga_number/mux_573__D$H12              | SDP  |     20     |     20      | READ_UNKNOWN |   false    |
|              u_vga_number/mux_573__D$J12              | SDP  |     20     |     20      | READ_UNKNOWN |   false    |
|              u_vga_number/mux_573__D$g12              | SDP  |     20     |     20      | READ_UNKNOWN |   false    |
|              u_vga_number/mux_573__D$i12              | SDP  |     20     |     20      | READ_UNKNOWN |   false    |
|              u_vga_number/mux_573__D$k12              | SDP  |     20     |     20      | READ_UNKNOWN |   false    |
|              u_vga_number/mux_573__D$m12              | SDP  |     20     |     20      | READ_UNKNOWN |   false    |
|              u_vga_number/mux_573__D$o12              | SDP  |     20     |     20      | READ_UNKNOWN |   false    |
|              u_vga_number/mux_573__D$q12              | SDP  |     20     |     20      | READ_UNKNOWN |   false    |
|              u_vga_number/mux_573__D$s12              | SDP  |     20     |     20      | READ_UNKNOWN |   false    |
|              u_vga_number/mux_573__D$u12              | SDP  |     20     |     20      | READ_UNKNOWN |   false    |
|              u_vga_number/mux_573__D$w12              | SDP  |     20     |     20      | READ_UNKNOWN |   false    |
|              u_vga_number/mux_573__D$y12              | SDP  |     20     |     20      | READ_UNKNOWN |   false    |
|              u_vga_number/mux_573__D$A12              | SDP  |     20     |     20      | READ_UNKNOWN |   false    |
|              u_vga_number/mux_573__D$C12              | SDP  |     20     |     20      | READ_UNKNOWN |   false    |
|              u_vga_number/mux_573__D$E12              | SDP  |     20     |     20      | READ_UNKNOWN |   false    |
|              u_vga_number/mux_573__D$G12              | SDP  |     20     |     20      | READ_UNKNOWN |   false    |
|              u_vga_number/mux_573__D$I12              | SDP  |     20     |     20      | READ_UNKNOWN |   false    |
|              u_vga_number/mux_573__D$K12              | SDP  |     20     |     20      | READ_UNKNOWN |   false    |
|              u_vga_number/mux_577__D$h12              | SDP  |     20     |     20      | READ_UNKNOWN |   false    |
|              u_vga_number/mux_577__D$j12              | SDP  |     20     |     20      | READ_UNKNOWN |   false    |
|              u_vga_number/mux_577__D$l12              | SDP  |     20     |     20      | READ_UNKNOWN |   false    |
|              u_vga_number/mux_577__D$n12              | SDP  |     20     |     20      | READ_UNKNOWN |   false    |
|              u_vga_number/mux_577__D$p12              | SDP  |     20     |     20      | READ_UNKNOWN |   false    |
|              u_vga_number/mux_577__D$r12              | SDP  |     20     |     20      | READ_UNKNOWN |   false    |
|              u_vga_number/mux_577__D$t12              | SDP  |     20     |     20      | READ_UNKNOWN |   false    |
|              u_vga_number/mux_577__D$v12              | SDP  |     20     |     20      | READ_UNKNOWN |   false    |
|              u_vga_number/mux_577__D$x12              | SDP  |     20     |     20      | READ_UNKNOWN |   false    |
|              u_vga_number/mux_577__D$z12              | SDP  |     20     |     20      | READ_UNKNOWN |   false    |
|              u_vga_number/mux_577__D$B12              | SDP  |     20     |     20      | READ_UNKNOWN |   false    |
|              u_vga_number/mux_577__D$D12              | SDP  |     20     |     20      | READ_UNKNOWN |   false    |
|              u_vga_number/mux_577__D$F12              | SDP  |     20     |     20      | READ_UNKNOWN |   false    |
|              u_vga_number/mux_577__D$H12              | SDP  |     20     |     20      | READ_UNKNOWN |   false    |
|              u_vga_number/mux_577__D$J12              | SDP  |     20     |     20      | READ_UNKNOWN |   false    |
|              u_vga_number/mux_577__D$g12              | SDP  |     20     |     20      | READ_UNKNOWN |   false    |
|              u_vga_number/mux_577__D$i12              | SDP  |     20     |     20      | READ_UNKNOWN |   false    |
|              u_vga_number/mux_577__D$k12              | SDP  |     20     |     20      | READ_UNKNOWN |   false    |
|              u_vga_number/mux_577__D$m12              | SDP  |     20     |     20      | READ_UNKNOWN |   false    |
|              u_vga_number/mux_577__D$o12              | SDP  |     20     |     20      | READ_UNKNOWN |   false    |
|              u_vga_number/mux_577__D$q12              | SDP  |     20     |     20      | READ_UNKNOWN |   false    |
|              u_vga_number/mux_577__D$s12              | SDP  |     20     |     20      | READ_UNKNOWN |   false    |
|              u_vga_number/mux_577__D$u12              | SDP  |     20     |     20      | READ_UNKNOWN |   false    |
|              u_vga_number/mux_577__D$w12              | SDP  |     20     |     20      | READ_UNKNOWN |   false    |
|              u_vga_number/mux_577__D$y12              | SDP  |     20     |     20      | READ_UNKNOWN |   false    |
|              u_vga_number/mux_577__D$A12              | SDP  |     20     |     20      | READ_UNKNOWN |   false    |
|              u_vga_number/mux_577__D$C12              | SDP  |     20     |     20      | READ_UNKNOWN |   false    |
|              u_vga_number/mux_577__D$E12              | SDP  |     20     |     20      | READ_UNKNOWN |   false    |
|              u_vga_number/mux_577__D$G12              | SDP  |     20     |     20      | READ_UNKNOWN |   false    |
|              u_vga_number/mux_577__D$I12              | SDP  |     20     |     20      | READ_UNKNOWN |   false    |
|              u_vga_number/mux_577__D$K12              | SDP  |     20     |     20      | READ_UNKNOWN |   false    |
|              u_vga_number/mux_581__D$h12              | SDP  |     20     |     20      | READ_UNKNOWN |   false    |
|              u_vga_number/mux_581__D$j12              | SDP  |     20     |     20      | READ_UNKNOWN |   false    |
|              u_vga_number/mux_581__D$l12              | SDP  |     20     |     20      | READ_UNKNOWN |   false    |
|              u_vga_number/mux_581__D$n12              | SDP  |     20     |     20      | READ_UNKNOWN |   false    |
|              u_vga_number/mux_581__D$p12              | SDP  |     20     |     20      | READ_UNKNOWN |   false    |
|              u_vga_number/mux_581__D$r12              | SDP  |     20     |     20      | READ_UNKNOWN |   false    |
|              u_vga_number/mux_581__D$t12              | SDP  |     20     |     20      | READ_UNKNOWN |   false    |
|              u_vga_number/mux_581__D$v12              | SDP  |     20     |     20      | READ_UNKNOWN |   false    |
|              u_vga_number/mux_581__D$x12              | SDP  |     20     |     20      | READ_UNKNOWN |   false    |
|              u_vga_number/mux_581__D$z12              | SDP  |     20     |     20      | READ_UNKNOWN |   false    |
|              u_vga_number/mux_581__D$B12              | SDP  |     20     |     20      | READ_UNKNOWN |   false    |
|              u_vga_number/mux_581__D$D12              | SDP  |     20     |     20      | READ_UNKNOWN |   false    |
|              u_vga_number/mux_581__D$F12              | SDP  |     20     |     20      | READ_UNKNOWN |   false    |
|              u_vga_number/mux_581__D$H12              | SDP  |     20     |     20      | READ_UNKNOWN |   false    |
|              u_vga_number/mux_581__D$J12              | SDP  |     20     |     20      | READ_UNKNOWN |   false    |
|              u_vga_number/mux_581__D$g12              | SDP  |     20     |     20      | READ_UNKNOWN |   false    |
|              u_vga_number/mux_581__D$i12              | SDP  |     20     |     20      | READ_UNKNOWN |   false    |
|              u_vga_number/mux_581__D$k12              | SDP  |     20     |     20      | READ_UNKNOWN |   false    |
|              u_vga_number/mux_581__D$m12              | SDP  |     20     |     20      | READ_UNKNOWN |   false    |
|              u_vga_number/mux_581__D$o12              | SDP  |     20     |     20      | READ_UNKNOWN |   false    |
|              u_vga_number/mux_581__D$q12              | SDP  |     20     |     20      | READ_UNKNOWN |   false    |
|              u_vga_number/mux_581__D$s12              | SDP  |     20     |     20      | READ_UNKNOWN |   false    |
|              u_vga_number/mux_581__D$u12              | SDP  |     20     |     20      | READ_UNKNOWN |   false    |
|              u_vga_number/mux_581__D$w12              | SDP  |     20     |     20      | READ_UNKNOWN |   false    |
|              u_vga_number/mux_581__D$y12              | SDP  |     20     |     20      | READ_UNKNOWN |   false    |
|              u_vga_number/mux_581__D$A12              | SDP  |     20     |     20      | READ_UNKNOWN |   false    |
|              u_vga_number/mux_581__D$C12              | SDP  |     20     |     20      | READ_UNKNOWN |   false    |
|              u_vga_number/mux_581__D$E12              | SDP  |     20     |     20      | READ_UNKNOWN |   false    |
|              u_vga_number/mux_581__D$G12              | SDP  |     20     |     20      | READ_UNKNOWN |   false    |
|              u_vga_number/mux_581__D$I12              | SDP  |     20     |     20      | READ_UNKNOWN |   false    |
|              u_vga_number/mux_581__D$K12              | SDP  |     20     |     20      | READ_UNKNOWN |   false    |
|              u_vga_number/mux_585__D$h12              | SDP  |     20     |     20      | READ_UNKNOWN |   false    |
|              u_vga_number/mux_585__D$j12              | SDP  |     20     |     20      | READ_UNKNOWN |   false    |
|              u_vga_number/mux_585__D$l12              | SDP  |     20     |     20      | READ_UNKNOWN |   false    |
|              u_vga_number/mux_585__D$n12              | SDP  |     20     |     20      | READ_UNKNOWN |   false    |
|              u_vga_number/mux_585__D$p12              | SDP  |     20     |     20      | READ_UNKNOWN |   false    |
|              u_vga_number/mux_585__D$r12              | SDP  |     20     |     20      | READ_UNKNOWN |   false    |
|              u_vga_number/mux_585__D$t12              | SDP  |     20     |     20      | READ_UNKNOWN |   false    |
|              u_vga_number/mux_585__D$v12              | SDP  |     20     |     20      | READ_UNKNOWN |   false    |
|              u_vga_number/mux_585__D$x12              | SDP  |     20     |     20      | READ_UNKNOWN |   false    |
|              u_vga_number/mux_585__D$z12              | SDP  |     20     |     20      | READ_UNKNOWN |   false    |
|              u_vga_number/mux_585__D$B12              | SDP  |     20     |     20      | READ_UNKNOWN |   false    |
|              u_vga_number/mux_585__D$D12              | SDP  |     20     |     20      | READ_UNKNOWN |   false    |
|              u_vga_number/mux_585__D$F12              | SDP  |     20     |     20      | READ_UNKNOWN |   false    |
|              u_vga_number/mux_585__D$H12              | SDP  |     20     |     20      | READ_UNKNOWN |   false    |
|              u_vga_number/mux_585__D$J12              | SDP  |     20     |     20      | READ_UNKNOWN |   false    |
|              u_vga_number/mux_585__D$g12              | SDP  |     20     |     20      | READ_UNKNOWN |   false    |
|              u_vga_number/mux_585__D$i12              | SDP  |     20     |     20      | READ_UNKNOWN |   false    |
|              u_vga_number/mux_585__D$k12              | SDP  |     20     |     20      | READ_UNKNOWN |   false    |
|              u_vga_number/mux_585__D$m12              | SDP  |     20     |     20      | READ_UNKNOWN |   false    |
|              u_vga_number/mux_585__D$o12              | SDP  |     20     |     20      | READ_UNKNOWN |   false    |
|              u_vga_number/mux_585__D$q12              | SDP  |     20     |     20      | READ_UNKNOWN |   false    |
|              u_vga_number/mux_585__D$s12              | SDP  |     20     |     20      | READ_UNKNOWN |   false    |
|              u_vga_number/mux_585__D$u12              | SDP  |     20     |     20      | READ_UNKNOWN |   false    |
|              u_vga_number/mux_585__D$w12              | SDP  |     20     |     20      | READ_UNKNOWN |   false    |
|              u_vga_number/mux_585__D$y12              | SDP  |     20     |     20      | READ_UNKNOWN |   false    |
|              u_vga_number/mux_585__D$A12              | SDP  |     20     |     20      | READ_UNKNOWN |   false    |
|              u_vga_number/mux_585__D$C12              | SDP  |     20     |     20      | READ_UNKNOWN |   false    |
|              u_vga_number/mux_585__D$E12              | SDP  |     20     |     20      | READ_UNKNOWN |   false    |
|              u_vga_number/mux_585__D$G12              | SDP  |     20     |     20      | READ_UNKNOWN |   false    |
|              u_vga_number/mux_585__D$I12              | SDP  |     20     |     20      | READ_UNKNOWN |   false    |
|              u_vga_number/mux_585__D$K12              | SDP  |     20     |     20      | READ_UNKNOWN |   false    |
+-------------------------------------------------------+------+------------+-------------+--------------+------------+

----------- Simple Dual Port RAM Information (end) ----------


---------- IO Interface Summary (begin) ----------

+------------------------+--------------+
| Missing Interface Pins | Input/Output |
+------------------------+--------------+
|   pll_inst2_CLKOUT0    |    Input     |
|        clk_ref         |    Input     |
|     sys_pll_LOCKED     |    Input     |
+------------------------+--------------+

----------- IO Interface Summary (end) ----------


---------- IO Placement Summary (begin) ----------

+----------------------+--------------+
| Unassigned Core Pins | Input/Output |
+----------------------+--------------+
|       led_o[7]       |    Output    |
|       led_o[6]       |    Output    |
+----------------------+--------------+

----------- IO Placement Summary (end) ----------

