
Efinix FPGA Placement and Routing.
Version: 2024.2.294 
Date: Tue Dec 31 16:59:16 2024

Copyright (C) 2013 - 2024 Efinix, Inc. All rights reserved.
 
Family: Titanium 
Device: Ti60F225
Top-level Entity Name: Ti60_HDMI_1080P_Test
Elapsed time for packing: 0 hours 0 minutes 0 seconds

---------- Resource Summary (begin) ----------
Inputs: 5 / 1703 (0.29%)
Outputs: 64 / 2267 (2.82%)
Global Clocks (GBUF): 3 / 32 (9.38%)
Regional Clocks (RBUF): 0 / 32 (0.00%)
	RBUF: Core: 0 / 16 (0.00%)
	RBUF: Periphery: 0 / 8 (0.00%)
	RBUF: Multi-Region: 0 / 8 (0.00%)
XLRs: 2222 / 60800 (3.65%)
	XLRs needed for Logic: 1310 / 60800 (2.15%)
	XLRs needed for Logic + FF: 279 / 60800 (0.46%)
	XLRs needed for Adder: 29 / 60800 (0.05%)
	XLRs needed for Adder + FF: 19 / 60800 (0.03%)
	XLRs needed for FF: 19 / 60800 (0.03%)
	XLRs needed for SRL8: 0 / 14720 (0.00%)
	XLRs needed for SRL8+FF: 0 / 14720 (0.00%)
	XLRs needed for Routing: 566 / 60800 (0.93%)
Memory Blocks: 0 / 256 (0.00%)
DSP Blocks: 0 / 160 (0.00%)
---------- Resource Summary (end) ----------


---------- IO Interface Summary (begin) ----------

+------------------------+--------------+
| Missing Interface Pins | Input/Output |
+------------------------+--------------+
|   pll_inst2_CLKOUT0    |    Input     |
|        clk_ref         |    Input     |
+------------------------+--------------+

----------- IO Interface Summary (end) ----------

