Archive member included to satisfy reference by file (symbol)

c:/efinity/efinity-riscv-ide-2024.2/toolchain/bin/../lib/gcc/riscv-none-embed/8.3.0/../../../../riscv-none-embed/lib/rv32im/ilp32\libc.a(lib_a-init.o)
                              build/obj_files/start.o (__libc_init_array)

Discarded input sections

 .group         0x0000000000000000        0xc build/obj_files/main.o
 .group         0x0000000000000000        0xc build/obj_files/main.o
 .group         0x0000000000000000        0xc build/obj_files/main.o
 .group         0x0000000000000000        0xc build/obj_files/main.o
 .group         0x0000000000000000        0xc build/obj_files/main.o
 .group         0x0000000000000000        0xc build/obj_files/main.o
 .group         0x0000000000000000        0xc build/obj_files/main.o
 .group         0x0000000000000000        0xc build/obj_files/main.o
 .group         0x0000000000000000        0xc build/obj_files/main.o
 .group         0x0000000000000000        0xc build/obj_files/main.o
 .group         0x0000000000000000        0xc build/obj_files/main.o
 .group         0x0000000000000000        0xc build/obj_files/main.o
 .group         0x0000000000000000        0xc build/obj_files/main.o
 .group         0x0000000000000000        0xc build/obj_files/main.o
 .group         0x0000000000000000        0xc build/obj_files/main.o
 .group         0x0000000000000000        0xc build/obj_files/main.o
 .group         0x0000000000000000        0xc build/obj_files/main.o
 .group         0x0000000000000000        0xc build/obj_files/main.o
 .group         0x0000000000000000        0xc build/obj_files/main.o
 .group         0x0000000000000000        0xc build/obj_files/main.o
 .group         0x0000000000000000        0xc build/obj_files/main.o
 .group         0x0000000000000000        0xc build/obj_files/main.o
 .group         0x0000000000000000        0xc build/obj_files/main.o
 .group         0x0000000000000000        0xc build/obj_files/main.o
 .group         0x0000000000000000        0xc build/obj_files/main.o
 .group         0x0000000000000000        0xc build/obj_files/main.o
 .group         0x0000000000000000        0xc build/obj_files/main.o
 .group         0x0000000000000000        0xc build/obj_files/main.o
 .group         0x0000000000000000        0xc build/obj_files/main.o
 .group         0x0000000000000000        0xc build/obj_files/main.o
 .group         0x0000000000000000        0xc build/obj_files/main.o
 .group         0x0000000000000000        0xc build/obj_files/main.o
 .group         0x0000000000000000        0xc build/obj_files/main.o
 .group         0x0000000000000000        0xc build/obj_files/main.o
 .group         0x0000000000000000        0xc build/obj_files/main.o
 .group         0x0000000000000000        0xc build/obj_files/main.o
 .group         0x0000000000000000        0xc build/obj_files/main.o

Memory Configuration

Name             Origin             Length             Attributes
ram              0x00000000f9000000 0x0000000000010000 axwl !r
*default*        0x0000000000000000 0xffffffffffffffff

Linker script and memory map

LOAD build/obj_files/main.o
LOAD build/obj_files/start.o
LOAD build/obj_files/trap.o
LOAD c:/efinity/efinity-riscv-ide-2024.2/toolchain/bin/../lib/gcc/riscv-none-embed/8.3.0/../../../../riscv-none-embed/lib/rv32im/ilp32\libc.a
LOAD c:/efinity/efinity-riscv-ide-2024.2/toolchain/bin/../lib/gcc/riscv-none-embed/8.3.0/rv32im/ilp32\libgcc.a
                0x0000000000002000                __stack_size = DEFINED (__stack_size)?__stack_size:0x2000

.init           0x00000000f9000000       0x64
 *(SORT_NONE(.init))
 .init          0x00000000f9000000       0x64 build/obj_files/start.o
                0x00000000f9000000                _start
                0x00000000f9000060                _init

.text           0x00000000f9000064      0x824
 *(.text.Proc_1)
 *(.text.Proc_2)
 *(.text.Proc_3)
 *(.text.Proc_4)
 *(.text.Proc_5)
 *(.text.Proc_6)
 *(.text.Proc_7)
 *(.text.Proc_8)
 *(.text.Func_1)
 *(.text.Func_2)
 *(.text.Func_3)
 *(.text.strcpy)
 *libc.a:*(.text .text.*)
 .text          0x00000000f9000064        0x0 c:/efinity/efinity-riscv-ide-2024.2/toolchain/bin/../lib/gcc/riscv-none-embed/8.3.0/../../../../riscv-none-embed/lib/rv32im/ilp32\libc.a(lib_a-init.o)
 .text.__libc_init_array
                0x00000000f9000064       0x94 c:/efinity/efinity-riscv-ide-2024.2/toolchain/bin/../lib/gcc/riscv-none-embed/8.3.0/../../../../riscv-none-embed/lib/rv32im/ilp32\libc.a(lib_a-init.o)
                0x00000000f9000064                __libc_init_array
 *(.text.main)
 *(.text.unlikely .text.unlikely.*)
 *(.text.startup .text.startup.*)
 *(.text .text.*)
 .text          0x00000000f90000f8      0x700 build/obj_files/main.o
                0x00000000f900058c                init
                0x00000000f900060c                crash
                0x00000000f9000624                externalInterrupt
                0x00000000f9000680                trap
                0x00000000f90006b4                main
 .text          0x00000000f90007f8        0x0 build/obj_files/start.o
 .text          0x00000000f90007f8       0x90 build/obj_files/trap.o
                0x00000000f90007f8                trap_entry
 *(.gnu.linkonce.t.*)
 *(.note.gnu.build-id)

.rela.dyn       0x00000000f9000888        0x0
 .rela.init     0x00000000f9000888        0x0 build/obj_files/main.o
 .rela.text.__libc_init_array
                0x00000000f9000888        0x0 build/obj_files/main.o

.fini
 *(SORT_NONE(.fini))
                [!provide]                        PROVIDE (__etext = .)
                [!provide]                        PROVIDE (_etext = .)
                [!provide]                        PROVIDE (etext = .)
                0x00000000f9000888                . = ALIGN (0x4)

.preinit_array  0x00000000f9000888        0x0
                0x00000000f9000888                PROVIDE (__preinit_array_start = .)
 *(.preinit_array)
                0x00000000f9000888                PROVIDE (__preinit_array_end = .)

.init_array     0x00000000f9000888        0x0
                0x00000000f9000888                PROVIDE (__init_array_start = .)
 *(SORT_BY_INIT_PRIORITY(.init_array.*) SORT_BY_INIT_PRIORITY(.ctors.*))
 *(.init_array EXCLUDE_FILE(*crtend?.o *crtend.o *crtbegin?.o *crtbegin.o) .ctors)
                0x00000000f9000888                PROVIDE (__init_array_end = .)

.fini_array     0x00000000f9000888        0x0
                [!provide]                        PROVIDE (__fini_array_start = .)
 *(SORT_BY_INIT_PRIORITY(.fini_array.*) SORT_BY_INIT_PRIORITY(.dtors.*))
 *(.fini_array EXCLUDE_FILE(*crtend?.o *crtend.o *crtbegin?.o *crtbegin.o) .dtors)
                [!provide]                        PROVIDE (__fini_array_end = .)

.ctors
 *crtbegin.o(.ctors)
 *crtbegin?.o(.ctors)
 *(EXCLUDE_FILE(*crtend?.o *crtend.o) .ctors)
 *(SORT_BY_NAME(.ctors.*))
 *(.ctors)

.dtors
 *crtbegin.o(.dtors)
 *crtbegin?.o(.dtors)
 *(EXCLUDE_FILE(*crtend?.o *crtend.o) .dtors)
 *(SORT_BY_NAME(.dtors.*))
 *(.dtors)

.lalign         0x00000000f9000888        0x0
                0x00000000f9000888                PROVIDE (_data_lma = .)

.dalign         0x00000000f9000888        0x0
                0x00000000f9000888                PROVIDE (_data = .)

.data           0x00000000f9000888      0x142
 *(.rdata)
 *(.rodata .rodata.*)
 .rodata.str1.4
                0x00000000f9000888      0x138 build/obj_files/main.o
                                        0x136 (size before relaxing)
 *(.gnu.linkonce.r.*)
 *(.data .data.*)
 .data          0x00000000f90009c0        0x0 build/obj_files/main.o
 .data          0x00000000f90009c0        0x0 build/obj_files/start.o
 .data          0x00000000f90009c0        0x0 build/obj_files/trap.o
 .data          0x00000000f90009c0        0x0 c:/efinity/efinity-riscv-ide-2024.2/toolchain/bin/../lib/gcc/riscv-none-embed/8.3.0/../../../../riscv-none-embed/lib/rv32im/ilp32\libc.a(lib_a-init.o)
 *(.gnu.linkonce.d.*)
                0x00000000f90009c0                . = ALIGN (0x8)
 *fill*         0x00000000f90009c0        0x0 
                0x00000000f90011b0                PROVIDE (__global_pointer$ = (. + 0x7f0))
 *(.sdata .sdata.*)
 *(.gnu.linkonce.s.*)
                0x00000000f90009c0                . = ALIGN (0x8)
 *(.srodata.cst16)
 *(.srodata.cst8)
 *(.srodata.cst4)
 *(.srodata.cst2)
 *(.srodata .srodata.*)
                0x00000000f90009ca                . = (. + 0xa)
 *fill*         0x00000000f90009c0        0xa 
                0x00000000f90009cc                . = ALIGN (0x4)
                0x00000000f90009cc                PROVIDE (_edata = .)
                [!provide]                        PROVIDE (edata = .)
                [!provide]                        PROVIDE (_fbss = .)
                0x00000000f90009cc                PROVIDE (__bss_start = .)

.bss            0x00000000f90009ca        0x2
 *(.sbss*)
 *(.gnu.linkonce.sb.*)
 *(.bss .bss.*)
 .bss           0x00000000f90009ca        0x0 build/obj_files/main.o
 .bss           0x00000000f90009ca        0x0 build/obj_files/start.o
 .bss           0x00000000f90009ca        0x0 build/obj_files/trap.o
 .bss           0x00000000f90009ca        0x0 c:/efinity/efinity-riscv-ide-2024.2/toolchain/bin/../lib/gcc/riscv-none-embed/8.3.0/../../../../riscv-none-embed/lib/rv32im/ilp32\libc.a(lib_a-init.o)
 *(.gnu.linkonce.b.*)
 *(COMMON)
                0x00000000f90009cc                . = ALIGN (0x4)
 *fill*         0x00000000f90009ca        0x2 
                0x00000000f90009d0                . = ALIGN (0x8)
                0x00000000f90009d0                PROVIDE (_end = .)
                [!provide]                        PROVIDE (end = .)

.stack          0x00000000f90009d0     0x2000
                [!provide]                        PROVIDE (_heap_end = .)
                0x0000000000002000                . = __stack_size
 *fill*         0x00000000f90009d0     0x2000 
                0x00000000f90029d0                PROVIDE (_sp = .)
                0x00000000f90029d0                __freertos_irq_stack_top = .
LOAD c:/efinity/efinity-riscv-ide-2024.2/toolchain/bin/../lib/gcc/riscv-none-embed/8.3.0/../../../../riscv-none-embed/lib/rv32im/ilp32\libm.a
LOAD c:/efinity/efinity-riscv-ide-2024.2/toolchain/bin/../lib/gcc/riscv-none-embed/8.3.0/rv32im/ilp32\libgcc.a
START GROUP
LOAD c:/efinity/efinity-riscv-ide-2024.2/toolchain/bin/../lib/gcc/riscv-none-embed/8.3.0/rv32im/ilp32\libgcc.a
LOAD c:/efinity/efinity-riscv-ide-2024.2/toolchain/bin/../lib/gcc/riscv-none-embed/8.3.0/../../../../riscv-none-embed/lib/rv32im/ilp32\libg.a
LOAD c:/efinity/efinity-riscv-ide-2024.2/toolchain/bin/../lib/gcc/riscv-none-embed/8.3.0/../../../../riscv-none-embed/lib/rv32im/ilp32\libc.a
END GROUP
LOAD c:/efinity/efinity-riscv-ide-2024.2/toolchain/bin/../lib/gcc/riscv-none-embed/8.3.0/rv32im/ilp32\libgcc.a
START GROUP
LOAD c:/efinity/efinity-riscv-ide-2024.2/toolchain/bin/../lib/gcc/riscv-none-embed/8.3.0/rv32im/ilp32\libgcc.a
LOAD c:/efinity/efinity-riscv-ide-2024.2/toolchain/bin/../lib/gcc/riscv-none-embed/8.3.0/../../../../riscv-none-embed/lib/rv32im/ilp32\libc.a
LOAD c:/efinity/efinity-riscv-ide-2024.2/toolchain/bin/../lib/gcc/riscv-none-embed/8.3.0/../../../../riscv-none-embed/lib/rv32im/ilp32\libnosys.a
END GROUP
OUTPUT(build/gpioDemo.elf elf32-littleriscv)

.debug_info     0x0000000000000000     0x18f7
 .debug_info    0x0000000000000000     0x18ab build/obj_files/main.o
 .debug_info    0x00000000000018ab       0x26 build/obj_files/start.o
 .debug_info    0x00000000000018d1       0x26 build/obj_files/trap.o

.debug_abbrev   0x0000000000000000      0x468
 .debug_abbrev  0x0000000000000000      0x440 build/obj_files/main.o
 .debug_abbrev  0x0000000000000440       0x14 build/obj_files/start.o
 .debug_abbrev  0x0000000000000454       0x14 build/obj_files/trap.o

.debug_loc      0x0000000000000000      0xa06
 .debug_loc     0x0000000000000000      0xa06 build/obj_files/main.o

.debug_aranges  0x0000000000000000       0x60
 .debug_aranges
                0x0000000000000000       0x20 build/obj_files/main.o
 .debug_aranges
                0x0000000000000020       0x20 build/obj_files/start.o
 .debug_aranges
                0x0000000000000040       0x20 build/obj_files/trap.o

.debug_ranges   0x0000000000000000       0x50
 .debug_ranges  0x0000000000000000       0x50 build/obj_files/main.o

.debug_macro    0x0000000000000000     0x1da5
 .debug_macro   0x0000000000000000      0x1e7 build/obj_files/main.o
 .debug_macro   0x00000000000001e7      0x760 build/obj_files/main.o
 .debug_macro   0x0000000000000947       0x22 build/obj_files/main.o
 .debug_macro   0x0000000000000969       0x8e build/obj_files/main.o
 .debug_macro   0x00000000000009f7       0x51 build/obj_files/main.o
 .debug_macro   0x0000000000000a48      0x103 build/obj_files/main.o
 .debug_macro   0x0000000000000b4b       0x6a build/obj_files/main.o
 .debug_macro   0x0000000000000bb5      0x1df build/obj_files/main.o
 .debug_macro   0x0000000000000d94      0x16c build/obj_files/main.o
 .debug_macro   0x0000000000000f00       0xc4 build/obj_files/main.o
 .debug_macro   0x0000000000000fc4       0x12 build/obj_files/main.o
 .debug_macro   0x0000000000000fd6       0x1c build/obj_files/main.o
 .debug_macro   0x0000000000000ff2       0x16 build/obj_files/main.o
 .debug_macro   0x0000000000001008      0x1bc build/obj_files/main.o
 .debug_macro   0x00000000000011c4       0x16 build/obj_files/main.o
 .debug_macro   0x00000000000011da       0xb6 build/obj_files/main.o
 .debug_macro   0x0000000000001290       0x58 build/obj_files/main.o
 .debug_macro   0x00000000000012e8       0x19 build/obj_files/main.o
 .debug_macro   0x0000000000001301       0x52 build/obj_files/main.o
 .debug_macro   0x0000000000001353       0x34 build/obj_files/main.o
 .debug_macro   0x0000000000001387       0x34 build/obj_files/main.o
 .debug_macro   0x00000000000013bb       0x16 build/obj_files/main.o
 .debug_macro   0x00000000000013d1      0x10e build/obj_files/main.o
 .debug_macro   0x00000000000014df       0x8d build/obj_files/main.o
 .debug_macro   0x000000000000156c       0x16 build/obj_files/main.o
 .debug_macro   0x0000000000001582       0x43 build/obj_files/main.o
 .debug_macro   0x00000000000015c5       0x34 build/obj_files/main.o
 .debug_macro   0x00000000000015f9       0x10 build/obj_files/main.o
 .debug_macro   0x0000000000001609       0x52 build/obj_files/main.o
 .debug_macro   0x000000000000165b      0x182 build/obj_files/main.o
 .debug_macro   0x00000000000017dd      0x339 build/obj_files/main.o
 .debug_macro   0x0000000000001b16       0x16 build/obj_files/main.o
 .debug_macro   0x0000000000001b2c       0x29 build/obj_files/main.o
 .debug_macro   0x0000000000001b55      0x1a9 build/obj_files/main.o
 .debug_macro   0x0000000000001cfe       0x16 build/obj_files/main.o
 .debug_macro   0x0000000000001d14       0x35 build/obj_files/main.o
 .debug_macro   0x0000000000001d49       0x2e build/obj_files/main.o
 .debug_macro   0x0000000000001d77       0x2e build/obj_files/main.o

.debug_line     0x0000000000000000     0x1159
 .debug_line    0x0000000000000000      0xf8e build/obj_files/main.o
 .debug_line    0x0000000000000f8e       0xba build/obj_files/start.o
 .debug_line    0x0000000000001048      0x111 build/obj_files/trap.o

.debug_str      0x0000000000000000     0x8909
 .debug_str     0x0000000000000000     0x88da build/obj_files/main.o
                                       0x8bc5 (size before relaxing)
 .debug_str     0x00000000000088da       0x1e build/obj_files/start.o
                                         0x91 (size before relaxing)
 .debug_str     0x00000000000088f8       0x11 build/obj_files/trap.o
                                         0x90 (size before relaxing)

.comment        0x0000000000000000       0x33
 .comment       0x0000000000000000       0x33 build/obj_files/main.o
                                         0x34 (size before relaxing)

.debug_frame    0x0000000000000000      0x2b4
 .debug_frame   0x0000000000000000      0x278 build/obj_files/main.o
 .debug_frame   0x0000000000000278       0x3c c:/efinity/efinity-riscv-ide-2024.2/toolchain/bin/../lib/gcc/riscv-none-embed/8.3.0/../../../../riscv-none-embed/lib/rv32im/ilp32\libc.a(lib_a-init.o)
